2025-07-04 00:20:45,737 - INFO - Đang xử lý mã: r08e17y79g
2025-07-04 00:20:48,679 - INFO - Đã nhập mã FPT
2025-07-04 00:20:53,749 - INFO - Tra cứu FPT thành công.
2025-07-04 00:20:56,797 - INFO - FPT đã tai thành công.
2025-07-04 00:20:58,858 - INFO - Đang xử lý mã: r46jvxmvxg
2025-07-04 00:21:00,239 - INFO - Đã nhập mã FPT
2025-07-04 00:21:05,285 - INFO - Tra cứu FPT thành công.
2025-07-04 00:21:08,359 - INFO - FPT đã tai thành công.
2025-07-04 00:21:10,360 - INFO - Đang xử lý mã: rzmwy1yo4g
2025-07-04 00:21:11,645 - INFO - Đã nhập mã FPT
2025-07-04 00:21:16,694 - INFO - Tra cứu FPT thành công.
2025-07-04 00:21:19,742 - INFO - FPT đã tai thành công.
2025-07-04 00:21:21,816 - INFO - Đang xử lý mã: B1HEIRR8N0WP
2025-07-04 00:21:23,986 - INFO - Đã nhập mã meinvoice
2025-07-04 00:21:29,561 - INFO - Tra cứu meinvoice thành công.
2025-07-04 00:21:39,788 - INFO - Tải meinvoice thành công.
2025-07-04 00:21:41,789 - INFO - Đang xử lý mã: PZH_FWQ4BN3
2025-07-04 00:21:42,947 - INFO - Đã nhập mã meinvoice
2025-07-04 00:21:48,185 - INFO - Tra cứu meinvoice thành công.
2025-07-04 00:21:53,208 - ERROR - Lỗi khi xử lý mã PZH_FWQ4BN3: Message: element not interactable
  (Session info: chrome=138.0.7204.51)
Stacktrace:
	GetHandleVerifier [0x0x7ff717816f95+76917]
	GetHandleVerifier [0x0x7ff717816ff0+77008]
	(No symbol) [0x0x7ff7175c9c1c]
	(No symbol) [0x0x7ff717621754]
	(No symbol) [0x0x7ff717613368]
	(No symbol) [0x0x7ff71764846a]
	(No symbol) [0x0x7ff717612c16]
	(No symbol) [0x0x7ff717648680]
	(No symbol) [0x0x7ff71767065c]
	(No symbol) [0x0x7ff717648243]
	(No symbol) [0x0x7ff717611431]
	(No symbol) [0x0x7ff7176121c3]
	GetHandleVerifier [0x0x7ff717aed2cd+3051437]
	GetHandleVerifier [0x0x7ff717ae7923+3028483]
	GetHandleVerifier [0x0x7ff717b058bd+3151261]
	GetHandleVerifier [0x0x7ff71783185e+185662]
	GetHandleVerifier [0x0x7ff71783971f+218111]
	GetHandleVerifier [0x0x7ff71781fb14+112628]
	GetHandleVerifier [0x0x7ff71781fcc9+113065]
	GetHandleVerifier [0x0x7ff717806c98+10616]
	BaseThreadInitThunk [0x0x7ffaf708e8d7+23]
	RtlUserThreadStart [0x0x7ffaf879c34c+44]

2025-07-04 00:21:53,209 - INFO - Đang xử lý mã: VBHKSL682918
2025-07-04 00:21:55,003 - INFO - Đã nhập mã meinvoice
2025-07-04 00:22:00,469 - INFO - Tra cứu meinvoice thành công.
2025-07-04 00:22:10,636 - INFO - Tải meinvoice thành công.
2025-07-04 00:22:12,636 - INFO - Đang xử lý mã: NII30XVQWNC
2025-07-04 00:22:15,276 - INFO - Đã nhập mã ehoadon
2025-07-04 00:22:20,369 - INFO - Tra cứu ehoadon thành công.
2025-07-04 00:22:24,844 - INFO - Tải ehoadon thành công.
2025-07-04 00:22:26,918 - INFO - Đang xử lý mã: MHPLO8W6EMD
2025-07-04 00:22:27,435 - INFO - Đã nhập mã ehoadon
2025-07-04 00:22:32,526 - INFO - Tra cứu ehoadon thành công.
2025-07-04 00:22:42,767 - ERROR - Lỗi khi xử lý mã MHPLO8W6EMD: Message: 
Stacktrace:
	GetHandleVerifier [0x0x7ff717816f95+76917]
	GetHandleVerifier [0x0x7ff717816ff0+77008]
	(No symbol) [0x0x7ff7175c9dea]
	(No symbol) [0x0x7ff717620256]
	(No symbol) [0x0x7ff71762050c]
	(No symbol) [0x0x7ff717673887]
	(No symbol) [0x0x7ff7176484af]
	(No symbol) [0x0x7ff71767065c]
	(No symbol) [0x0x7ff717648243]
	(No symbol) [0x0x7ff717611431]
	(No symbol) [0x0x7ff7176121c3]
	GetHandleVerifier [0x0x7ff717aed2cd+3051437]
	GetHandleVerifier [0x0x7ff717ae7923+3028483]
	GetHandleVerifier [0x0x7ff717b058bd+3151261]
	GetHandleVerifier [0x0x7ff71783185e+185662]
	GetHandleVerifier [0x0x7ff71783971f+218111]
	GetHandleVerifier [0x0x7ff71781fb14+112628]
	GetHandleVerifier [0x0x7ff71781fcc9+113065]
	GetHandleVerifier [0x0x7ff717806c98+10616]
	BaseThreadInitThunk [0x0x7ffaf708e8d7+23]
	RtlUserThreadStart [0x0x7ffaf879c34c+44]

2025-07-04 00:22:42,768 - INFO - Đang xử lý mã: MIJ634K9JAD
2025-07-04 00:22:43,365 - INFO - Đã nhập mã ehoadon
2025-07-04 00:22:48,437 - INFO - Tra cứu ehoadon thành công.
2025-07-04 00:22:52,783 - INFO - Tải ehoadon thành công.
2025-07-04 00:22:57,093 - INFO - Kết thúc quá trình tải hóa đơn.
2025-07-04 00:33:22,983 - INFO - Đang xử lý mã: r08e17y79g
2025-07-04 00:33:26,252 - INFO - Đã nhập mã FPT
2025-07-04 00:33:31,313 - INFO - Tra cứu FPT thành công.
2025-07-04 00:33:34,451 - INFO - FPT đã tải thành công.
2025-07-04 00:33:36,452 - INFO - Đang xử lý mã: r46jvxmvxg
2025-07-04 00:33:39,353 - INFO - Đã nhập mã FPT
2025-07-04 00:33:44,944 - INFO - Tra cứu FPT thành công.
2025-07-04 00:33:48,013 - INFO - FPT đã tải thành công.
2025-07-04 00:33:50,015 - INFO - Đang xử lý mã: rzmwy1yo4g
2025-07-04 00:33:51,961 - INFO - Đã nhập mã FPT
2025-07-04 00:33:57,061 - INFO - Tra cứu FPT thành công.
2025-07-04 00:34:00,161 - INFO - FPT đã tải thành công.
2025-07-04 00:34:02,161 - INFO - Đang xử lý mã: B1HEIRR8N0WP
2025-07-04 00:34:04,702 - INFO - Đã nhập mã meinvoice
2025-07-04 00:34:10,787 - INFO - Tra cứu meinvoice thành công.
2025-07-04 00:34:21,070 - INFO - Tải meinvoice thành công.
2025-07-04 00:34:23,076 - INFO - Đang xử lý mã: PZH_FWQ4BN3
2025-07-04 00:34:25,091 - INFO - Đã nhập mã meinvoice
2025-07-04 00:34:30,436 - INFO - Tra cứu meinvoice thành công.
2025-07-04 00:34:35,559 - ERROR - Lỗi khi xử lý mã PZH_FWQ4BN3: Message: element not interactable
  (Session info: chrome=138.0.7204.51)
Stacktrace:
	GetHandleVerifier [0x0x7ff717816f95+76917]
	GetHandleVerifier [0x0x7ff717816ff0+77008]
	(No symbol) [0x0x7ff7175c9c1c]
	(No symbol) [0x0x7ff717621754]
	(No symbol) [0x0x7ff717613368]
	(No symbol) [0x0x7ff71764846a]
	(No symbol) [0x0x7ff717612c16]
	(No symbol) [0x0x7ff717648680]
	(No symbol) [0x0x7ff71767065c]
	(No symbol) [0x0x7ff717648243]
	(No symbol) [0x0x7ff717611431]
	(No symbol) [0x0x7ff7176121c3]
	GetHandleVerifier [0x0x7ff717aed2cd+3051437]
	GetHandleVerifier [0x0x7ff717ae7923+3028483]
	GetHandleVerifier [0x0x7ff717b058bd+3151261]
	GetHandleVerifier [0x0x7ff71783185e+185662]
	GetHandleVerifier [0x0x7ff71783971f+218111]
	GetHandleVerifier [0x0x7ff71781fb14+112628]
	GetHandleVerifier [0x0x7ff71781fcc9+113065]
	GetHandleVerifier [0x0x7ff717806c98+10616]
	BaseThreadInitThunk [0x0x7ffaf708e8d7+23]
	RtlUserThreadStart [0x0x7ffaf879c34c+44]

2025-07-04 00:34:35,559 - INFO - Đang xử lý mã: VBHKSL682918
2025-07-04 00:34:38,398 - INFO - Đã nhập mã meinvoice
2025-07-04 00:34:44,000 - INFO - Tra cứu meinvoice thành công.
2025-07-04 00:34:54,415 - INFO - Tải meinvoice thành công.
2025-07-04 00:34:56,445 - INFO - Đang xử lý mã: NII30XVQWNC
2025-07-04 00:35:03,755 - INFO - Đã nhập mã ehoadon
2025-07-04 00:35:09,324 - INFO - Tra cứu ehoadon thành công.
2025-07-04 00:35:13,958 - INFO - Tải ehoadon thành công.
2025-07-04 00:35:15,961 - INFO - Đang xử lý mã: MHPLO8W6EMD
2025-07-04 00:35:16,935 - INFO - Đã nhập mã ehoadon
2025-07-04 00:35:22,894 - INFO - Tra cứu ehoadon thành công.
2025-07-04 00:35:33,130 - ERROR - Lỗi khi xử lý mã MHPLO8W6EMD: Message: 
Stacktrace:
	GetHandleVerifier [0x0x7ff717816f95+76917]
	GetHandleVerifier [0x0x7ff717816ff0+77008]
	(No symbol) [0x0x7ff7175c9dea]
	(No symbol) [0x0x7ff717620256]
	(No symbol) [0x0x7ff71762050c]
	(No symbol) [0x0x7ff717673887]
	(No symbol) [0x0x7ff7176484af]
	(No symbol) [0x0x7ff71767065c]
	(No symbol) [0x0x7ff717648243]
	(No symbol) [0x0x7ff717611431]
	(No symbol) [0x0x7ff7176121c3]
	GetHandleVerifier [0x0x7ff717aed2cd+3051437]
	GetHandleVerifier [0x0x7ff717ae7923+3028483]
	GetHandleVerifier [0x0x7ff717b058bd+3151261]
	GetHandleVerifier [0x0x7ff71783185e+185662]
	GetHandleVerifier [0x0x7ff71783971f+218111]
	GetHandleVerifier [0x0x7ff71781fb14+112628]
	GetHandleVerifier [0x0x7ff71781fcc9+113065]
	GetHandleVerifier [0x0x7ff717806c98+10616]
	BaseThreadInitThunk [0x0x7ffaf708e8d7+23]
	RtlUserThreadStart [0x0x7ffaf879c34c+44]

2025-07-04 00:35:33,130 - INFO - Đang xử lý mã: MIJ634K9JAD
2025-07-04 00:35:33,701 - INFO - Đã nhập mã ehoadon
2025-07-04 00:35:38,825 - INFO - Tra cứu ehoadon thành công.
2025-07-04 00:35:43,108 - INFO - Tải ehoadon thành công.
2025-07-04 00:35:47,362 - INFO - Kết thúc quá trình tải hóa đơn.
2025-07-04 00:35:48,344 - INFO - Đã ghi dữ liệu ra output.xlsx.
2025-07-04 00:49:25,135 - INFO - Đang xử lý mã: r08e17y79g
2025-07-04 00:49:28,741 - INFO - Đã nhập mã FPT
2025-07-04 00:49:33,869 - INFO - Tra cứu FPT thành công.
2025-07-04 00:49:34,954 - ERROR - Lỗi khi xử lý mã r08e17y79g: Message: element click intercepted: Element <button type="button" class="webix_button webix_img_btn" style="line-height:41px;" disabled="true">...</button> is not clickable at point (815, 450). Other element would receive the click: <div class="webix_disabled"></div>
  (Session info: chrome=138.0.7204.51)
Stacktrace:
	GetHandleVerifier [0x0x7ff6591a6f95+76917]
	GetHandleVerifier [0x0x7ff6591a6ff0+77008]
	(No symbol) [0x0x7ff658f59dea]
	(No symbol) [0x0x7ff658fb8269]
	(No symbol) [0x0x7ff658fb5c02]
	(No symbol) [0x0x7ff658fb2c41]
	(No symbol) [0x0x7ff658fb1b31]
	(No symbol) [0x0x7ff658fa3368]
	(No symbol) [0x0x7ff658fd846a]
	(No symbol) [0x0x7ff658fa2c16]
	(No symbol) [0x0x7ff658fd8680]
	(No symbol) [0x0x7ff65900065c]
	(No symbol) [0x0x7ff658fd8243]
	(No symbol) [0x0x7ff658fa1431]
	(No symbol) [0x0x7ff658fa21c3]
	GetHandleVerifier [0x0x7ff65947d2cd+3051437]
	GetHandleVerifier [0x0x7ff659477923+3028483]
	GetHandleVerifier [0x0x7ff6594958bd+3151261]
	GetHandleVerifier [0x0x7ff6591c185e+185662]
	GetHandleVerifier [0x0x7ff6591c971f+218111]
	GetHandleVerifier [0x0x7ff6591afb14+112628]
	GetHandleVerifier [0x0x7ff6591afcc9+113065]
	GetHandleVerifier [0x0x7ff659196c98+10616]
	BaseThreadInitThunk [0x0x7ffaf708e8d7+23]
	RtlUserThreadStart [0x0x7ffaf879c34c+44]

2025-07-04 00:49:34,955 - INFO - Đang xử lý mã: r46jvxmvxg
2025-07-04 00:49:37,843 - INFO - Đã nhập mã FPT
2025-07-04 00:49:42,946 - INFO - Tra cứu FPT thành công.
2025-07-04 00:49:46,026 - INFO - FPT đã tải thành công.
2025-07-04 00:49:48,029 - INFO - Đang xử lý mã: rzmwy1yo4g
2025-07-04 00:49:50,320 - INFO - Đã nhập mã FPT
2025-07-04 00:49:55,403 - INFO - Tra cứu FPT thành công.
2025-07-04 00:49:58,503 - INFO - FPT đã tải thành công.
2025-07-04 00:50:00,504 - INFO - Đang xử lý mã: B1HEIRR8N0WP
2025-07-04 00:50:03,193 - INFO - Đã nhập mã meinvoice
2025-07-04 00:50:08,734 - INFO - Tra cứu meinvoice thành công.
2025-07-04 00:50:19,123 - INFO - Tải meinvoice thành công.
2025-07-04 00:50:21,124 - INFO - Đang xử lý mã: PZH_FWQ4BN3
2025-07-04 00:50:23,170 - INFO - Đã nhập mã meinvoice
2025-07-04 00:50:29,213 - INFO - Tra cứu meinvoice thành công.
2025-07-04 00:50:34,239 - ERROR - Lỗi khi xử lý mã PZH_FWQ4BN3: Message: element not interactable
  (Session info: chrome=138.0.7204.51)
Stacktrace:
	GetHandleVerifier [0x0x7ff6591a6f95+76917]
	GetHandleVerifier [0x0x7ff6591a6ff0+77008]
	(No symbol) [0x0x7ff658f59c1c]
	(No symbol) [0x0x7ff658fb1754]
	(No symbol) [0x0x7ff658fa3368]
	(No symbol) [0x0x7ff658fd846a]
	(No symbol) [0x0x7ff658fa2c16]
	(No symbol) [0x0x7ff658fd8680]
	(No symbol) [0x0x7ff65900065c]
	(No symbol) [0x0x7ff658fd8243]
	(No symbol) [0x0x7ff658fa1431]
	(No symbol) [0x0x7ff658fa21c3]
	GetHandleVerifier [0x0x7ff65947d2cd+3051437]
	GetHandleVerifier [0x0x7ff659477923+3028483]
	GetHandleVerifier [0x0x7ff6594958bd+3151261]
	GetHandleVerifier [0x0x7ff6591c185e+185662]
	GetHandleVerifier [0x0x7ff6591c971f+218111]
	GetHandleVerifier [0x0x7ff6591afb14+112628]
	GetHandleVerifier [0x0x7ff6591afcc9+113065]
	GetHandleVerifier [0x0x7ff659196c98+10616]
	BaseThreadInitThunk [0x0x7ffaf708e8d7+23]
	RtlUserThreadStart [0x0x7ffaf879c34c+44]

2025-07-04 00:50:34,240 - INFO - Đang xử lý mã: VBHKSL682918
2025-07-04 00:50:35,428 - INFO - Đã nhập mã meinvoice
2025-07-04 00:50:41,054 - INFO - Tra cứu meinvoice thành công.
2025-07-04 00:50:48,296 - ERROR - Lỗi khi xử lý mã VBHKSL682918: Message: element not interactable
  (Session info: chrome=138.0.7204.51)
Stacktrace:
	GetHandleVerifier [0x0x7ff6591a6f95+76917]
	GetHandleVerifier [0x0x7ff6591a6ff0+77008]
	(No symbol) [0x0x7ff658f59c1c]
	(No symbol) [0x0x7ff658fb1754]
	(No symbol) [0x0x7ff658fa3368]
	(No symbol) [0x0x7ff658fd846a]
	(No symbol) [0x0x7ff658fa2c16]
	(No symbol) [0x0x7ff658fd8680]
	(No symbol) [0x0x7ff65900065c]
	(No symbol) [0x0x7ff658fd8243]
	(No symbol) [0x0x7ff658fa1431]
	(No symbol) [0x0x7ff658fa21c3]
	GetHandleVerifier [0x0x7ff65947d2cd+3051437]
	GetHandleVerifier [0x0x7ff659477923+3028483]
	GetHandleVerifier [0x0x7ff6594958bd+3151261]
	GetHandleVerifier [0x0x7ff6591c185e+185662]
	GetHandleVerifier [0x0x7ff6591c971f+218111]
	GetHandleVerifier [0x0x7ff6591afb14+112628]
	GetHandleVerifier [0x0x7ff6591afcc9+113065]
	GetHandleVerifier [0x0x7ff659196c98+10616]
	BaseThreadInitThunk [0x0x7ffaf708e8d7+23]
	RtlUserThreadStart [0x0x7ffaf879c34c+44]

2025-07-04 00:50:48,297 - INFO - Đang xử lý mã: NII30XVQWNC
2025-07-04 00:50:53,141 - INFO - Đã nhập mã ehoadon
2025-07-04 00:50:58,267 - INFO - Tra cứu ehoadon thành công.
2025-07-04 00:51:02,725 - INFO - Tải ehoadon thành công.
2025-07-04 00:51:04,732 - INFO - Đang xử lý mã: MHPLO8W6EMD
2025-07-04 00:51:05,561 - INFO - Đã nhập mã ehoadon
2025-07-04 00:51:10,739 - INFO - Tra cứu ehoadon thành công.
2025-07-04 00:51:21,046 - ERROR - Lỗi khi xử lý mã MHPLO8W6EMD: Message: 
Stacktrace:
	GetHandleVerifier [0x0x7ff6591a6f95+76917]
	GetHandleVerifier [0x0x7ff6591a6ff0+77008]
	(No symbol) [0x0x7ff658f59dea]
	(No symbol) [0x0x7ff658fb0256]
	(No symbol) [0x0x7ff658fb050c]
	(No symbol) [0x0x7ff659003887]
	(No symbol) [0x0x7ff658fd84af]
	(No symbol) [0x0x7ff65900065c]
	(No symbol) [0x0x7ff658fd8243]
	(No symbol) [0x0x7ff658fa1431]
	(No symbol) [0x0x7ff658fa21c3]
	GetHandleVerifier [0x0x7ff65947d2cd+3051437]
	GetHandleVerifier [0x0x7ff659477923+3028483]
	GetHandleVerifier [0x0x7ff6594958bd+3151261]
	GetHandleVerifier [0x0x7ff6591c185e+185662]
	GetHandleVerifier [0x0x7ff6591c971f+218111]
	GetHandleVerifier [0x0x7ff6591afb14+112628]
	GetHandleVerifier [0x0x7ff6591afcc9+113065]
	GetHandleVerifier [0x0x7ff659196c98+10616]
	BaseThreadInitThunk [0x0x7ffaf708e8d7+23]
	RtlUserThreadStart [0x0x7ffaf879c34c+44]

2025-07-04 00:51:21,047 - INFO - Đang xử lý mã: MIJ634K9JAD
2025-07-04 00:51:21,671 - INFO - Đã nhập mã ehoadon
2025-07-04 00:51:26,830 - INFO - Tra cứu ehoadon thành công.
2025-07-04 00:51:31,322 - INFO - Tải ehoadon thành công.
2025-07-04 00:51:35,661 - INFO - Kết thúc quá trình tải hóa đơn.
2025-07-04 00:51:35,808 - INFO - Đã ghi dữ liệu ra output.xlsx.
